// Jest Snapshot v1, https://goo.gl/fbAQLP

exports[`Pruebas en GifItem funcion GifItem deber√≠a arrojar: snapshot 1`] = `
<div>
  <div
    class="card"
    role="dialog"
  >
    <img
      alt="Saitama"
      src="https://one-punch.com/saitame.jpg"
    />
    <p>
      Saitama
    </p>
  </div>
</div>
`;
